Lam(
  x,
  Lam(
    y,
    Var(
      x
    )
  )
)
