Cons(
  Rule(
    termino,
    Cons(
      Production(
        Cons(
          SymbolNonterm(
            atomo
          ),
          Cons(
            SymbolNonterm(
              argumentos
            ),
            Nil
          )
        ),
        TermParameter(
          $,
          2
        )
      ),
      Cons(
        Production(
          Cons(
            SymbolLiteral(
              "\\"
            ),
            Cons(
              SymbolNonterm(
                parametros
              ),
              Cons(
                SymbolLiteral(
                  "."
                ),
                Cons(
                  SymbolNonterm(
                    termino
                  ),
                  Nil
                )
              )
            )
          ),
          TermParameter(
            $,
            2
          )
        ),
        Nil
      )
    )
  ),
  Cons(
    Rule(
      parametros,
      Cons(
        Production(
          Cons(
            SymbolId,
            Cons(
              SymbolNonterm(
                parametros2
              ),
              Nil
            )
          ),
          TermNode(
            Lam,
            Cons(
              TermParameter(
                $,
                1
              ),
              Cons(
                TermParameter(
                  $,
                  2
                ),
                Nil
              )
            )
          )
        ),
        Nil
      )
    ),
    Cons(
      Rule(
        parametros2,
        Cons(
          Production(
            Nil,
            TermHole
          ),
          Cons(
            Production(
              Cons(
                SymbolId,
                Cons(
                  SymbolNonterm(
                    parametros2
                  ),
                  Nil
                )
              ),
              TermNode(
                Lam,
                Cons(
                  TermParameter(
                    $,
                    1
                  ),
                  Cons(
                    TermParameter(
                      $,
                      2
                    ),
                    Nil
                  )
                )
              )
            ),
            Nil
          )
        )
      ),
      Cons(
        Rule(
          argumentos,
          Cons(
            Production(
              Nil,
              TermHole
            ),
            Cons(
              Production(
                Cons(
                  SymbolNonterm(
                    atomo
                  ),
                  Cons(
                    SymbolNonterm(
                      argumentos
                    ),
                    Nil
                  )
                ),
                TermParameter(
                  $,
                  2
                )
              ),
              Nil
            )
          )
        ),
        Cons(
          Rule(
            atomo,
            Cons(
              Production(
                Cons(
                  SymbolId,
                  Nil
                ),
                TermNode(
                  Var,
                  Cons(
                    TermParameter(
                      $,
                      1
                    ),
                    Nil
                  )
                )
              ),
              Cons(
                Production(
                  Cons(
                    SymbolLiteral(
                      "("
                    ),
                    Cons(
                      SymbolNonterm(
                        termino
                      ),
                      Cons(
                        SymbolLiteral(
                          ")"
                        ),
                        Nil
                      )
                    )
                  ),
                  TermParameter(
                    $,
                    2
                  )
                ),
                Nil
              )
            )
          ),
          Nil
        )
      )
    )
  )
)
