div(
  add(
    mul(
      1,
      22
    ),
    mul(
      333,
      4444
    )
  ),
  mul(
    1,
    add(
      22,
      333
    )
  )
)
