add(
  add(
    mod(
      1000,
      3
    ),
    mod(
      2000,
      5
    )
  ),
  mod(
    3000,
    7
  )
)
