Cons(
  Function(
    main,
    Nil,
    Unit,
    Cons(
      StmtCall(
        putChar,
        Cons(
          ExprConstNum(
            65
          ),
          Nil
        )
      ),
      Cons(
        StmtCall(
          putChar,
          Cons(
            ExprConstNum(
              66
            ),
            Nil
          )
        ),
        Cons(
          StmtCall(
            putChar,
            Cons(
              ExprConstNum(
                67
              ),
              Nil
            )
          ),
          Cons(
            StmtCall(
              putChar,
              Cons(
                ExprConstNum(
                  10
                ),
                Nil
              )
            ),
            Nil
          )
        )
      )
    )
  ),
  Nil
)
