Cons(
  Function(
    f,
    Cons(
      Parameter(
        h,
        Int
      ),
      Cons(
        Parameter(
          o,
          Int
        ),
        Cons(
          Parameter(
            l,
            Int
          ),
          Cons(
            Parameter(
              a,
              Int
            ),
            Cons(
              Parameter(
                enter,
                Int
              ),
              Nil
            )
          )
        )
      )
    ),
    Unit,
    Cons(
      StmtAssign(
        h,
        ExprConstNum(
          104
        )
      ),
      Cons(
        StmtAssign(
          o,
          ExprConstNum(
            111
          )
        ),
        Cons(
          StmtAssign(
            l,
            ExprConstNum(
              108
            )
          ),
          Cons(
            StmtAssign(
              a,
              ExprConstNum(
                97
              )
            ),
            Cons(
              StmtCall(
                putChar,
                Cons(
                  ExprVar(
                    h
                  ),
                  Nil
                )
              ),
              Cons(
                StmtCall(
                  putChar,
                  Cons(
                    ExprVar(
                      o
                    ),
                    Nil
                  )
                ),
                Cons(
                  StmtCall(
                    putChar,
                    Cons(
                      ExprVar(
                        l
                      ),
                      Nil
                    )
                  ),
                  Cons(
                    StmtCall(
                      putChar,
                      Cons(
                        ExprVar(
                          a
                        ),
                        Nil
                      )
                    ),
                    Cons(
                      StmtCall(
                        putChar,
                        Cons(
                          ExprVar(
                            enter
                          ),
                          Nil
                        )
                      ),
                      Nil
                    )
                  )
                )
              )
            )
          )
        )
      )
    )
  ),
  Cons(
    Function(
      main,
      Nil,
      Unit,
      Cons(
        StmtCall(
          f,
          Cons(
            ExprConstNum(
              2
            ),
            Cons(
              ExprConstNum(
                3
              ),
              Cons(
                ExprConstNum(
                  4
                ),
                Cons(
                  ExprConstNum(
                    5
                  ),
                  Cons(
                    ExprConstNum(
                      10
                    ),
                    Nil
                  )
                )
              )
            )
          )
        ),
        Cons(
          StmtCall(
            f,
            Cons(
              ExprConstNum(
                22
              ),
              Cons(
                ExprConstNum(
                  33
                ),
                Cons(
                  ExprConstNum(
                    44
                  ),
                  Cons(
                    ExprConstNum(
                      55
                    ),
                    Cons(
                      ExprConstNum(
                        10
                      ),
                      Nil
                    )
                  )
                )
              )
            )
          ),
          Nil
        )
      )
    ),
    Nil
  )
)
