Cons(
  Function(
    f,
    Nil,
    Unit,
    Cons(
      StmtCall(
        putChar,
        Cons(
          ExprConstNum(
            104
          ),
          Nil
        )
      ),
      Cons(
        StmtCall(
          putChar,
          Cons(
            ExprConstNum(
              111
            ),
            Nil
          )
        ),
        Cons(
          StmtCall(
            putChar,
            Cons(
              ExprConstNum(
                108
              ),
              Nil
            )
          ),
          Cons(
            StmtCall(
              putChar,
              Cons(
                ExprConstNum(
                  97
                ),
                Nil
              )
            ),
            Cons(
              StmtCall(
                putChar,
                Cons(
                  ExprConstNum(
                    10
                  ),
                  Nil
                )
              ),
              Cons(
                StmtCall(
                  g,
                  Nil
                ),
                Nil
              )
            )
          )
        )
      )
    )
  ),
  Cons(
    Function(
      g,
      Nil,
      Unit,
      Cons(
        StmtCall(
          putChar,
          Cons(
            ExprConstNum(
              99
            ),
            Nil
          )
        ),
        Cons(
          StmtCall(
            putChar,
            Cons(
              ExprConstNum(
                104
              ),
              Nil
            )
          ),
          Cons(
            StmtCall(
              putChar,
              Cons(
                ExprConstNum(
                  97
                ),
                Nil
              )
            ),
            Cons(
              StmtCall(
                putChar,
                Cons(
                  ExprConstNum(
                    117
                  ),
                  Nil
                )
              ),
              Cons(
                StmtCall(
                  putChar,
                  Cons(
                    ExprConstNum(
                      10
                    ),
                    Nil
                  )
                ),
                Nil
              )
            )
          )
        )
      )
    ),
    Cons(
      Function(
        main,
        Nil,
        Unit,
        Cons(
          StmtCall(
            f,
            Nil
          ),
          Cons(
            StmtCall(
              f,
              Nil
            ),
            Cons(
              StmtCall(
                g,
                Nil
              ),
              Nil
            )
          )
        )
      ),
      Nil
    )
  )
)
