Cons(
  Function(
    main,
    Nil,
    Unit,
    Nil
  ),
  Nil
)
