Cons(
  Function(
    p,
    Cons(
      Parameter(
        x,
        Bool
      ),
      Nil
    ),
    Unit,
    Cons(
      StmtIf(
        ExprVar(
          x
        ),
        Cons(
          StmtCall(
            putChar,
            Cons(
              ExprConstNum(
                84
              ),
              Nil
            )
          ),
          Cons(
            StmtCall(
              putChar,
              Cons(
                ExprConstNum(
                  114
                ),
                Nil
              )
            ),
            Cons(
              StmtCall(
                putChar,
                Cons(
                  ExprConstNum(
                    117
                  ),
                  Nil
                )
              ),
              Cons(
                StmtCall(
                  putChar,
                  Cons(
                    ExprConstNum(
                      101
                    ),
                    Nil
                  )
                ),
                Nil
              )
            )
          )
        ),
        Just(
          Cons(
            StmtCall(
              putChar,
              Cons(
                ExprConstNum(
                  70
                ),
                Nil
              )
            ),
            Cons(
              StmtCall(
                putChar,
                Cons(
                  ExprConstNum(
                    97
                  ),
                  Nil
                )
              ),
              Cons(
                StmtCall(
                  putChar,
                  Cons(
                    ExprConstNum(
                      108
                    ),
                    Nil
                  )
                ),
                Cons(
                  StmtCall(
                    putChar,
                    Cons(
                      ExprConstNum(
                        115
                      ),
                      Nil
                    )
                  ),
                  Cons(
                    StmtCall(
                      putChar,
                      Cons(
                        ExprConstNum(
                          101
                        ),
                        Nil
                      )
                    ),
                    Nil
                  )
                )
              )
            )
          )
        )
      ),
      Nil
    )
  ),
  Cons(
    Function(
      sep,
      Cons(
        Parameter(
          op,
          Int
        ),
        Nil
      ),
      Unit,
      Cons(
        StmtCall(
          putChar,
          Cons(
            ExprConstNum(
              32
            ),
            Nil
          )
        ),
        Cons(
          StmtIf(
            ExprEq(
              ExprVar(
                op
              ),
              ExprConstNum(
                1
              )
            ),
            Cons(
              StmtCall(
                putChar,
                Cons(
                  ExprConstNum(
                    97
                  ),
                  Nil
                )
              ),
              Cons(
                StmtCall(
                  putChar,
                  Cons(
                    ExprConstNum(
                      110
                    ),
                    Nil
                  )
                ),
                Cons(
                  StmtCall(
                    putChar,
                    Cons(
                      ExprConstNum(
                        100
                      ),
                      Nil
                    )
                  ),
                  Nil
                )
              )
            ),
            Just(
              Cons(
                StmtCall(
                  putChar,
                  Cons(
                    ExprConstNum(
                      111
                    ),
                    Nil
                  )
                ),
                Cons(
                  StmtCall(
                    putChar,
                    Cons(
                      ExprConstNum(
                        114
                      ),
                      Nil
                    )
                  ),
                  Nil
                )
              )
            )
          ),
          Cons(
            StmtCall(
              putChar,
              Cons(
                ExprConstNum(
                  32
                ),
                Nil
              )
            ),
            Nil
          )
        )
      )
    ),
    Cons(
      Function(
        eq,
        Nil,
        Unit,
        Cons(
          StmtCall(
            putChar,
            Cons(
              ExprConstNum(
                32
              ),
              Nil
            )
          ),
          Cons(
            StmtCall(
              putChar,
              Cons(
                ExprConstNum(
                  61
                ),
                Nil
              )
            ),
            Cons(
              StmtCall(
                putChar,
                Cons(
                  ExprConstNum(
                    32
                  ),
                  Nil
                )
              ),
              Nil
            )
          )
        )
      ),
      Cons(
        Function(
          enter,
          Nil,
          Unit,
          Cons(
            StmtCall(
              putChar,
              Cons(
                ExprConstNum(
                  10
                ),
                Nil
              )
            ),
            Nil
          )
        ),
        Cons(
          Function(
            fila,
            Cons(
              Parameter(
                x,
                Bool
              ),
              Cons(
                Parameter(
                  op1,
                  Int
                ),
                Cons(
                  Parameter(
                    y,
                    Bool
                  ),
                  Cons(
                    Parameter(
                      op2,
                      Int
                    ),
                    Cons(
                      Parameter(
                        z,
                        Bool
                      ),
                      Nil
                    )
                  )
                )
              )
            ),
            Unit,
            Cons(
              StmtIf(
                ExprEq(
                  ExprVar(
                    op1
                  ),
                  ExprConstNum(
                    1
                  )
                ),
                Cons(
                  StmtAssign(
                    r,
                    ExprAnd(
                      ExprVar(
                        x
                      ),
                      ExprVar(
                        y
                      )
                    )
                  ),
                  Nil
                ),
                Just(
                  Cons(
                    StmtAssign(
                      r,
                      ExprOr(
                        ExprVar(
                          x
                        ),
                        ExprVar(
                          y
                        )
                      )
                    ),
                    Nil
                  )
                )
              ),
              Cons(
                StmtIf(
                  ExprEq(
                    ExprVar(
                      op2
                    ),
                    ExprConstNum(
                      1
                    )
                  ),
                  Cons(
                    StmtAssign(
                      r,
                      ExprAnd(
                        ExprVar(
                          r
                        ),
                        ExprVar(
                          z
                        )
                      )
                    ),
                    Nil
                  ),
                  Just(
                    Cons(
                      StmtAssign(
                        r,
                        ExprOr(
                          ExprVar(
                            r
                          ),
                          ExprVar(
                            z
                          )
                        )
                      ),
                      Nil
                    )
                  )
                ),
                Cons(
                  StmtCall(
                    p,
                    Cons(
                      ExprVar(
                        x
                      ),
                      Nil
                    )
                  ),
                  Cons(
                    StmtCall(
                      sep,
                      Cons(
                        ExprVar(
                          op1
                        ),
                        Nil
                      )
                    ),
                    Cons(
                      StmtCall(
                        p,
                        Cons(
                          ExprVar(
                            y
                          ),
                          Nil
                        )
                      ),
                      Cons(
                        StmtCall(
                          sep,
                          Cons(
                            ExprVar(
                              op2
                            ),
                            Nil
                          )
                        ),
                        Cons(
                          StmtCall(
                            p,
                            Cons(
                              ExprVar(
                                z
                              ),
                              Nil
                            )
                          ),
                          Cons(
                            StmtCall(
                              eq,
                              Nil
                            ),
                            Cons(
                              StmtCall(
                                p,
                                Cons(
                                  ExprVar(
                                    r
                                  ),
                                  Nil
                                )
                              ),
                              Cons(
                                StmtCall(
                                  enter,
                                  Nil
                                ),
                                Nil
                              )
                            )
                          )
                        )
                      )
                    )
                  )
                )
              )
            )
          ),
          Cons(
            Function(
              tabla,
              Cons(
                Parameter(
                  op1,
                  Int
                ),
                Cons(
                  Parameter(
                    op2,
                    Int
                  ),
                  Nil
                )
              ),
              Unit,
              Cons(
                StmtCall(
                  putChar,
                  Cons(
                    ExprConstNum(
                      45
                    ),
                    Nil
                  )
                ),
                Cons(
                  StmtCall(
                    putChar,
                    Cons(
                      ExprConstNum(
                        45
                      ),
                      Nil
                    )
                  ),
                  Cons(
                    StmtCall(
                      putChar,
                      Cons(
                        ExprConstNum(
                          45
                        ),
                        Nil
                      )
                    ),
                    Cons(
                      StmtCall(
                        putChar,
                        Cons(
                          ExprConstNum(
                            10
                          ),
                          Nil
                        )
                      ),
                      Cons(
                        StmtCall(
                          fila,
                          Cons(
                            ExprConstBool(
                              False
                            ),
                            Cons(
                              ExprVar(
                                op1
                              ),
                              Cons(
                                ExprConstBool(
                                  False
                                ),
                                Cons(
                                  ExprVar(
                                    op2
                                  ),
                                  Cons(
                                    ExprConstBool(
                                      False
                                    ),
                                    Nil
                                  )
                                )
                              )
                            )
                          )
                        ),
                        Cons(
                          StmtCall(
                            fila,
                            Cons(
                              ExprConstBool(
                                False
                              ),
                              Cons(
                                ExprVar(
                                  op1
                                ),
                                Cons(
                                  ExprConstBool(
                                    False
                                  ),
                                  Cons(
                                    ExprVar(
                                      op2
                                    ),
                                    Cons(
                                      ExprConstBool(
                                        True
                                      ),
                                      Nil
                                    )
                                  )
                                )
                              )
                            )
                          ),
                          Cons(
                            StmtCall(
                              fila,
                              Cons(
                                ExprConstBool(
                                  False
                                ),
                                Cons(
                                  ExprVar(
                                    op1
                                  ),
                                  Cons(
                                    ExprConstBool(
                                      True
                                    ),
                                    Cons(
                                      ExprVar(
                                        op2
                                      ),
                                      Cons(
                                        ExprConstBool(
                                          False
                                        ),
                                        Nil
                                      )
                                    )
                                  )
                                )
                              )
                            ),
                            Cons(
                              StmtCall(
                                fila,
                                Cons(
                                  ExprConstBool(
                                    False
                                  ),
                                  Cons(
                                    ExprVar(
                                      op1
                                    ),
                                    Cons(
                                      ExprConstBool(
                                        True
                                      ),
                                      Cons(
                                        ExprVar(
                                          op2
                                        ),
                                        Cons(
                                          ExprConstBool(
                                            True
                                          ),
                                          Nil
                                        )
                                      )
                                    )
                                  )
                                )
                              ),
                              Cons(
                                StmtCall(
                                  fila,
                                  Cons(
                                    ExprConstBool(
                                      True
                                    ),
                                    Cons(
                                      ExprVar(
                                        op1
                                      ),
                                      Cons(
                                        ExprConstBool(
                                          False
                                        ),
                                        Cons(
                                          ExprVar(
                                            op2
                                          ),
                                          Cons(
                                            ExprConstBool(
                                              False
                                            ),
                                            Nil
                                          )
                                        )
                                      )
                                    )
                                  )
                                ),
                                Cons(
                                  StmtCall(
                                    fila,
                                    Cons(
                                      ExprConstBool(
                                        True
                                      ),
                                      Cons(
                                        ExprVar(
                                          op1
                                        ),
                                        Cons(
                                          ExprConstBool(
                                            False
                                          ),
                                          Cons(
                                            ExprVar(
                                              op2
                                            ),
                                            Cons(
                                              ExprConstBool(
                                                True
                                              ),
                                              Nil
                                            )
                                          )
                                        )
                                      )
                                    )
                                  ),
                                  Cons(
                                    StmtCall(
                                      fila,
                                      Cons(
                                        ExprConstBool(
                                          True
                                        ),
                                        Cons(
                                          ExprVar(
                                            op1
                                          ),
                                          Cons(
                                            ExprConstBool(
                                              True
                                            ),
                                            Cons(
                                              ExprVar(
                                                op2
                                              ),
                                              Cons(
                                                ExprConstBool(
                                                  False
                                                ),
                                                Nil
                                              )
                                            )
                                          )
                                        )
                                      )
                                    ),
                                    Cons(
                                      StmtCall(
                                        fila,
                                        Cons(
                                          ExprConstBool(
                                            True
                                          ),
                                          Cons(
                                            ExprVar(
                                              op1
                                            ),
                                            Cons(
                                              ExprConstBool(
                                                True
                                              ),
                                              Cons(
                                                ExprVar(
                                                  op2
                                                ),
                                                Cons(
                                                  ExprConstBool(
                                                    True
                                                  ),
                                                  Nil
                                                )
                                              )
                                            )
                                          )
                                        )
                                      ),
                                      Cons(
                                        StmtCall(
                                          putChar,
                                          Cons(
                                            ExprConstNum(
                                              45
                                            ),
                                            Nil
                                          )
                                        ),
                                        Cons(
                                          StmtCall(
                                            putChar,
                                            Cons(
                                              ExprConstNum(
                                                45
                                              ),
                                              Nil
                                            )
                                          ),
                                          Cons(
                                            StmtCall(
                                              putChar,
                                              Cons(
                                                ExprConstNum(
                                                  45
                                                ),
                                                Nil
                                              )
                                            ),
                                            Cons(
                                              StmtCall(
                                                putChar,
                                                Cons(
                                                  ExprConstNum(
                                                    10
                                                  ),
                                                  Nil
                                                )
                                              ),
                                              Nil
                                            )
                                          )
                                        )
                                      )
                                    )
                                  )
                                )
                              )
                            )
                          )
                        )
                      )
                    )
                  )
                )
              )
            ),
            Cons(
              Function(
                main,
                Nil,
                Unit,
                Cons(
                  StmtCall(
                    tabla,
                    Cons(
                      ExprConstNum(
                        1
                      ),
                      Cons(
                        ExprConstNum(
                          1
                        ),
                        Nil
                      )
                    )
                  ),
                  Cons(
                    StmtCall(
                      tabla,
                      Cons(
                        ExprConstNum(
                          1
                        ),
                        Cons(
                          ExprConstNum(
                            2
                          ),
                          Nil
                        )
                      )
                    ),
                    Cons(
                      StmtCall(
                        tabla,
                        Cons(
                          ExprConstNum(
                            2
                          ),
                          Cons(
                            ExprConstNum(
                              1
                            ),
                            Nil
                          )
                        )
                      ),
                      Cons(
                        StmtCall(
                          tabla,
                          Cons(
                            ExprConstNum(
                              2
                            ),
                            Cons(
                              ExprConstNum(
                                2
                              ),
                              Nil
                            )
                          )
                        ),
                        Nil
                      )
                    )
                  )
                )
              ),
              Nil
            )
          )
        )
      )
    )
  )
)
