Cons(
  Function(
    f,
    Cons(
      Parameter(
        h,
        Int
      ),
      Cons(
        Parameter(
          o,
          Int
        ),
        Cons(
          Parameter(
            l,
            Int
          ),
          Cons(
            Parameter(
              a,
              Int
            ),
            Cons(
              Parameter(
                enter,
                Int
              ),
              Nil
            )
          )
        )
      )
    ),
    Unit,
    Cons(
      StmtCall(
        putChar,
        Cons(
          ExprVar(
            h
          ),
          Nil
        )
      ),
      Cons(
        StmtCall(
          putChar,
          Cons(
            ExprVar(
              o
            ),
            Nil
          )
        ),
        Cons(
          StmtCall(
            putChar,
            Cons(
              ExprVar(
                l
              ),
              Nil
            )
          ),
          Cons(
            StmtCall(
              putChar,
              Cons(
                ExprVar(
                  a
                ),
                Nil
              )
            ),
            Cons(
              StmtCall(
                putChar,
                Cons(
                  ExprVar(
                    enter
                  ),
                  Nil
                )
              ),
              Nil
            )
          )
        )
      )
    )
  ),
  Cons(
    Function(
      g,
      Nil,
      Unit,
      Cons(
        StmtCall(
          f,
          Cons(
            ExprConstNum(
              104
            ),
            Cons(
              ExprConstNum(
                111
              ),
              Cons(
                ExprConstNum(
                  108
                ),
                Cons(
                  ExprConstNum(
                    97
                  ),
                  Cons(
                    ExprConstNum(
                      10
                    ),
                    Nil
                  )
                )
              )
            )
          )
        ),
        Cons(
          StmtCall(
            f,
            Cons(
              ExprConstNum(
                72
              ),
              Cons(
                ExprConstNum(
                  79
                ),
                Cons(
                  ExprConstNum(
                    76
                  ),
                  Cons(
                    ExprConstNum(
                      65
                    ),
                    Cons(
                      ExprConstNum(
                        10
                      ),
                      Nil
                    )
                  )
                )
              )
            )
          ),
          Nil
        )
      )
    ),
    Cons(
      Function(
        main,
        Nil,
        Unit,
        Cons(
          StmtCall(
            g,
            Nil
          ),
          Cons(
            StmtCall(
              g,
              Nil
            ),
            Nil
          )
        )
      ),
      Nil
    )
  )
)
