Cons(
  Function(
    f,
    Cons(
      Parameter(
        b,
        Bool
      ),
      Nil
    ),
    Unit,
    Cons(
      StmtIf(
        ExprVar(
          b
        ),
        Cons(
          StmtAssign(
            x,
            ExprConstNum(
              100
            )
          ),
          Cons(
            StmtAssign(
              y,
              ExprConstNum(
                10
              )
            ),
            Nil
          )
        ),
        Just(
          Cons(
            StmtAssign(
              y,
              ExprConstNum(
                99
              )
            ),
            Cons(
              StmtAssign(
                x,
                ExprConstNum(
                  999
                )
              ),
              Nil
            )
          )
        )
      ),
      Cons(
        StmtCall(
          putNum,
          Cons(
            ExprSub(
              ExprVar(
                x
              ),
              ExprVar(
                y
              )
            ),
            Nil
          )
        ),
        Cons(
          StmtCall(
            putChar,
            Cons(
              ExprConstNum(
                10
              ),
              Nil
            )
          ),
          Nil
        )
      )
    )
  ),
  Cons(
    Function(
      g,
      Nil,
      Unit,
      Cons(
        StmtIf(
          ExprConstBool(
            True
          ),
          Cons(
            StmtAssign(
              x,
              ExprConstNum(
                10
              )
            ),
            Nil
          ),
          Nothing
        ),
        Cons(
          StmtCall(
            putNum,
            Cons(
              ExprVar(
                x
              ),
              Nil
            )
          ),
          Cons(
            StmtCall(
              putChar,
              Cons(
                ExprConstNum(
                  10
                ),
                Nil
              )
            ),
            Nil
          )
        )
      )
    ),
    Cons(
      Function(
        main,
        Nil,
        Unit,
        Cons(
          StmtCall(
            f,
            Cons(
              ExprConstBool(
                True
              ),
              Nil
            )
          ),
          Cons(
            StmtCall(
              f,
              Cons(
                ExprConstBool(
                  False
                ),
                Nil
              )
            ),
            Cons(
              StmtCall(
                g,
                Nil
              ),
              Nil
            )
          )
        )
      ),
      Nil
    )
  )
)
