Cons(
  Function(
    f,
    Cons(
      Parameter(
        h,
        Int
      ),
      Cons(
        Parameter(
          o,
          Int
        ),
        Nil
      )
    ),
    Unit,
    Cons(
      StmtAssign(
        l,
        ExprConstNum(
          108
        )
      ),
      Cons(
        StmtAssign(
          a,
          ExprConstNum(
            97
          )
        ),
        Cons(
          StmtAssign(
            enter,
            ExprConstNum(
              10
            )
          ),
          Cons(
            StmtCall(
              putChar,
              Cons(
                ExprVar(
                  h
                ),
                Nil
              )
            ),
            Cons(
              StmtCall(
                putChar,
                Cons(
                  ExprVar(
                    o
                  ),
                  Nil
                )
              ),
              Cons(
                StmtCall(
                  putChar,
                  Cons(
                    ExprVar(
                      l
                    ),
                    Nil
                  )
                ),
                Cons(
                  StmtCall(
                    putChar,
                    Cons(
                      ExprVar(
                        a
                      ),
                      Nil
                    )
                  ),
                  Cons(
                    StmtCall(
                      putChar,
                      Cons(
                        ExprVar(
                          enter
                        ),
                        Nil
                      )
                    ),
                    Nil
                  )
                )
              )
            )
          )
        )
      )
    )
  ),
  Cons(
    Function(
      main,
      Nil,
      Unit,
      Cons(
        StmtCall(
          f,
          Cons(
            ExprConstNum(
              104
            ),
            Cons(
              ExprConstNum(
                111
              ),
              Nil
            )
          )
        ),
        Cons(
          StmtCall(
            f,
            Cons(
              ExprConstNum(
                72
              ),
              Cons(
                ExprConstNum(
                  79
                ),
                Nil
              )
            )
          ),
          Nil
        )
      )
    ),
    Nil
  )
)
