Cons(
  Function(
    main,
    Nil,
    Unit,
    Cons(
      StmtCall(
        putNum,
        Cons(
          ExprConstNum(
            123456
          ),
          Nil
        )
      ),
      Cons(
        StmtCall(
          putChar,
          Cons(
            ExprConstNum(
              10
            ),
            Nil
          )
        ),
        Cons(
          StmtCall(
            putNum,
            Cons(
              ExprConstNum(
                654321
              ),
              Nil
            )
          ),
          Cons(
            StmtCall(
              putChar,
              Cons(
                ExprConstNum(
                  10
                ),
                Nil
              )
            ),
            Nil
          )
        )
      )
    )
  ),
  Nil
)
