Cons(
  Function(
    esCero,
    Cons(
      Parameter(
        n,
        Int
      ),
      Nil
    ),
    Bool,
    Cons(
      StmtReturn(
        ExprEq(
          ExprVar(
            n
          ),
          ExprConstNum(
            0
          )
        )
      ),
      Nil
    )
  ),
  Cons(
    Function(
      producto,
      Cons(
        Parameter(
          x,
          Int
        ),
        Cons(
          Parameter(
            y,
            Int
          ),
          Nil
        )
      ),
      Int,
      Cons(
        StmtReturn(
          ExprMul(
            ExprVar(
              x
            ),
            ExprVar(
              y
            )
          )
        ),
        Nil
      )
    ),
    Cons(
      Function(
        factorial,
        Cons(
          Parameter(
            n,
            Int
          ),
          Nil
        ),
        Int,
        Cons(
          StmtIf(
            ExprCall(
              esCero,
              Cons(
                ExprVar(
                  n
                ),
                Nil
              )
            ),
            Cons(
              StmtAssign(
                n,
                ExprConstNum(
                  1
                )
              ),
              Nil
            ),
            Just(
              Cons(
                StmtAssign(
                  n,
                  ExprSub(
                    ExprVar(
                      n
                    ),
                    ExprConstNum(
                      1
                    )
                  )
                ),
                Cons(
                  StmtAssign(
                    n,
                    ExprCall(
                      producto,
                      Cons(
                        ExprAdd(
                          ExprVar(
                            n
                          ),
                          ExprConstNum(
                            1
                          )
                        ),
                        Cons(
                          ExprCall(
                            factorial,
                            Cons(
                              ExprVar(
                                n
                              ),
                              Nil
                            )
                          ),
                          Nil
                        )
                      )
                    )
                  ),
                  Nil
                )
              )
            )
          ),
          Cons(
            StmtReturn(
              ExprVar(
                n
              )
            ),
            Nil
          )
        )
      ),
      Cons(
        Function(
          main,
          Nil,
          Unit,
          Cons(
            StmtCall(
              putNum,
              Cons(
                ExprCall(
                  factorial,
                  Cons(
                    ExprConstNum(
                      1
                    ),
                    Nil
                  )
                ),
                Nil
              )
            ),
            Cons(
              StmtCall(
                putChar,
                Cons(
                  ExprConstNum(
                    10
                  ),
                  Nil
                )
              ),
              Cons(
                StmtCall(
                  putNum,
                  Cons(
                    ExprCall(
                      factorial,
                      Cons(
                        ExprConstNum(
                          2
                        ),
                        Nil
                      )
                    ),
                    Nil
                  )
                ),
                Cons(
                  StmtCall(
                    putChar,
                    Cons(
                      ExprConstNum(
                        10
                      ),
                      Nil
                    )
                  ),
                  Cons(
                    StmtCall(
                      putNum,
                      Cons(
                        ExprCall(
                          factorial,
                          Cons(
                            ExprConstNum(
                              3
                            ),
                            Nil
                          )
                        ),
                        Nil
                      )
                    ),
                    Cons(
                      StmtCall(
                        putChar,
                        Cons(
                          ExprConstNum(
                            10
                          ),
                          Nil
                        )
                      ),
                      Cons(
                        StmtCall(
                          putNum,
                          Cons(
                            ExprCall(
                              factorial,
                              Cons(
                                ExprConstNum(
                                  4
                                ),
                                Nil
                              )
                            ),
                            Nil
                          )
                        ),
                        Cons(
                          StmtCall(
                            putChar,
                            Cons(
                              ExprConstNum(
                                10
                              ),
                              Nil
                            )
                          ),
                          Cons(
                            StmtCall(
                              putNum,
                              Cons(
                                ExprCall(
                                  factorial,
                                  Cons(
                                    ExprConstNum(
                                      5
                                    ),
                                    Nil
                                  )
                                ),
                                Nil
                              )
                            ),
                            Cons(
                              StmtCall(
                                putChar,
                                Cons(
                                  ExprConstNum(
                                    10
                                  ),
                                  Nil
                                )
                              ),
                              Cons(
                                StmtCall(
                                  putNum,
                                  Cons(
                                    ExprCall(
                                      factorial,
                                      Cons(
                                        ExprConstNum(
                                          6
                                        ),
                                        Nil
                                      )
                                    ),
                                    Nil
                                  )
                                ),
                                Cons(
                                  StmtCall(
                                    putChar,
                                    Cons(
                                      ExprConstNum(
                                        10
                                      ),
                                      Nil
                                    )
                                  ),
                                  Cons(
                                    StmtCall(
                                      putNum,
                                      Cons(
                                        ExprCall(
                                          factorial,
                                          Cons(
                                            ExprConstNum(
                                              7
                                            ),
                                            Nil
                                          )
                                        ),
                                        Nil
                                      )
                                    ),
                                    Cons(
                                      StmtCall(
                                        putChar,
                                        Cons(
                                          ExprConstNum(
                                            10
                                          ),
                                          Nil
                                        )
                                      ),
                                      Cons(
                                        StmtCall(
                                          putNum,
                                          Cons(
                                            ExprCall(
                                              factorial,
                                              Cons(
                                                ExprConstNum(
                                                  8
                                                ),
                                                Nil
                                              )
                                            ),
                                            Nil
                                          )
                                        ),
                                        Cons(
                                          StmtCall(
                                            putChar,
                                            Cons(
                                              ExprConstNum(
                                                10
                                              ),
                                              Nil
                                            )
                                          ),
                                          Cons(
                                            StmtCall(
                                              putNum,
                                              Cons(
                                                ExprCall(
                                                  factorial,
                                                  Cons(
                                                    ExprConstNum(
                                                      9
                                                    ),
                                                    Nil
                                                  )
                                                ),
                                                Nil
                                              )
                                            ),
                                            Cons(
                                              StmtCall(
                                                putChar,
                                                Cons(
                                                  ExprConstNum(
                                                    10
                                                  ),
                                                  Nil
                                                )
                                              ),
                                              Cons(
                                                StmtCall(
                                                  putNum,
                                                  Cons(
                                                    ExprCall(
                                                      factorial,
                                                      Cons(
                                                        ExprConstNum(
                                                          10
                                                        ),
                                                        Nil
                                                      )
                                                    ),
                                                    Nil
                                                  )
                                                ),
                                                Cons(
                                                  StmtCall(
                                                    putChar,
                                                    Cons(
                                                      ExprConstNum(
                                                        10
                                                      ),
                                                      Nil
                                                    )
                                                  ),
                                                  Nil
                                                )
                                              )
                                            )
                                          )
                                        )
                                      )
                                    )
                                  )
                                )
                              )
                            )
                          )
                        )
                      )
                    )
                  )
                )
              )
            )
          )
        ),
        Nil
      )
    )
  )
)
