Cons(
  Function(
    factorial,
    Cons(
      Parameter(
        n,
        Int
      ),
      Nil
    ),
    Int,
    Cons(
      StmtAssign(
        i,
        ExprConstNum(
          0
        )
      ),
      Cons(
        StmtAssign(
          p,
          ExprConstNum(
            1
          )
        ),
        Cons(
          StmtWhile(
            ExprLt(
              ExprVar(
                i
              ),
              ExprVar(
                n
              )
            ),
            Cons(
              StmtAssign(
                i,
                ExprAdd(
                  ExprVar(
                    i
                  ),
                  ExprConstNum(
                    1
                  )
                )
              ),
              Cons(
                StmtAssign(
                  p,
                  ExprMul(
                    ExprVar(
                      p
                    ),
                    ExprVar(
                      i
                    )
                  )
                ),
                Nil
              )
            )
          ),
          Cons(
            StmtReturn(
              ExprVar(
                p
              )
            ),
            Nil
          )
        )
      )
    )
  ),
  Cons(
    Function(
      main,
      Nil,
      Unit,
      Cons(
        StmtAssign(
          i,
          ExprConstNum(
            0
          )
        ),
        Cons(
          StmtWhile(
            ExprLe(
              ExprVar(
                i
              ),
              ExprConstNum(
                10
              )
            ),
            Cons(
              StmtCall(
                putNum,
                Cons(
                  ExprCall(
                    factorial,
                    Cons(
                      ExprVar(
                        i
                      ),
                      Nil
                    )
                  ),
                  Nil
                )
              ),
              Cons(
                StmtCall(
                  putChar,
                  Cons(
                    ExprConstNum(
                      10
                    ),
                    Nil
                  )
                ),
                Cons(
                  StmtAssign(
                    i,
                    ExprAdd(
                      ExprVar(
                        i
                      ),
                      ExprConstNum(
                        1
                      )
                    )
                  ),
                  Nil
                )
              )
            )
          ),
          Nil
        )
      )
    ),
    Nil
  )
)
