Cons(
  Function(
    tabla,
    Cons(
      Parameter(
        ancho,
        Int
      ),
      Cons(
        Parameter(
          alto,
          Int
        ),
        Nil
      )
    ),
    Unit,
    Cons(
      StmtAssign(
        j,
        ExprConstNum(
          0
        )
      ),
      Cons(
        StmtWhile(
          ExprLt(
            ExprVar(
              j
            ),
            ExprVar(
              alto
            )
          ),
          Cons(
            StmtAssign(
              i,
              ExprConstNum(
                0
              )
            ),
            Cons(
              StmtWhile(
                ExprLt(
                  ExprVar(
                    i
                  ),
                  ExprVar(
                    ancho
                  )
                ),
                Cons(
                  StmtCall(
                    putChar,
                    Cons(
                      ExprConstNum(
                        120
                      ),
                      Nil
                    )
                  ),
                  Cons(
                    StmtAssign(
                      i,
                      ExprAdd(
                        ExprVar(
                          i
                        ),
                        ExprConstNum(
                          1
                        )
                      )
                    ),
                    Nil
                  )
                )
              ),
              Cons(
                StmtCall(
                  putChar,
                  Cons(
                    ExprConstNum(
                      10
                    ),
                    Nil
                  )
                ),
                Cons(
                  StmtAssign(
                    j,
                    ExprAdd(
                      ExprVar(
                        j
                      ),
                      ExprConstNum(
                        1
                      )
                    )
                  ),
                  Nil
                )
              )
            )
          )
        ),
        Nil
      )
    )
  ),
  Cons(
    Function(
      main,
      Nil,
      Unit,
      Cons(
        StmtCall(
          tabla,
          Cons(
            ExprConstNum(
              10
            ),
            Cons(
              ExprConstNum(
                8
              ),
              Nil
            )
          )
        ),
        Nil
      )
    ),
    Nil
  )
)
