Cons(
  Function(
    par,
    Cons(
      Parameter(
        x,
        Int
      ),
      Nil
    ),
    Bool,
    Cons(
      StmtIf(
        ExprEq(
          ExprVar(
            x
          ),
          ExprConstNum(
            0
          )
        ),
        Cons(
          StmtAssign(
            res,
            ExprConstBool(
              True
            )
          ),
          Nil
        ),
        Just(
          Cons(
            StmtAssign(
              res,
              ExprCall(
                impar,
                Cons(
                  ExprSub(
                    ExprVar(
                      x
                    ),
                    ExprConstNum(
                      1
                    )
                  ),
                  Nil
                )
              )
            ),
            Nil
          )
        )
      ),
      Cons(
        StmtReturn(
          ExprVar(
            res
          )
        ),
        Nil
      )
    )
  ),
  Cons(
    Function(
      impar,
      Cons(
        Parameter(
          x,
          Int
        ),
        Nil
      ),
      Bool,
      Cons(
        StmtIf(
          ExprEq(
            ExprVar(
              x
            ),
            ExprConstNum(
              0
            )
          ),
          Cons(
            StmtAssign(
              res,
              ExprConstBool(
                False
              )
            ),
            Nil
          ),
          Just(
            Cons(
              StmtAssign(
                res,
                ExprCall(
                  par,
                  Cons(
                    ExprSub(
                      ExprVar(
                        x
                      ),
                      ExprConstNum(
                        1
                      )
                    ),
                    Nil
                  )
                )
              ),
              Nil
            )
          )
        ),
        Cons(
          StmtReturn(
            ExprVar(
              res
            )
          ),
          Nil
        )
      )
    ),
    Cons(
      Function(
        probar,
        Cons(
          Parameter(
            x,
            Int
          ),
          Cons(
            Parameter(
              n,
              Int
            ),
            Nil
          )
        ),
        Unit,
        Cons(
          StmtIf(
            ExprLe(
              ExprVar(
                x
              ),
              ExprVar(
                n
              )
            ),
            Cons(
              StmtIf(
                ExprCall(
                  par,
                  Cons(
                    ExprVar(
                      x
                    ),
                    Nil
                  )
                ),
                Cons(
                  StmtCall(
                    putChar,
                    Cons(
                      ExprConstNum(
                        112
                      ),
                      Nil
                    )
                  ),
                  Nil
                ),
                Just(
                  Cons(
                    StmtCall(
                      putChar,
                      Cons(
                        ExprConstNum(
                          105
                        ),
                        Nil
                      )
                    ),
                    Nil
                  )
                )
              ),
              Cons(
                StmtCall(
                  putNum,
                  Cons(
                    ExprVar(
                      x
                    ),
                    Nil
                  )
                ),
                Cons(
                  StmtCall(
                    putChar,
                    Cons(
                      ExprConstNum(
                        10
                      ),
                      Nil
                    )
                  ),
                  Cons(
                    StmtCall(
                      probar,
                      Cons(
                        ExprAdd(
                          ExprVar(
                            x
                          ),
                          ExprConstNum(
                            1
                          )
                        ),
                        Cons(
                          ExprVar(
                            n
                          ),
                          Nil
                        )
                      )
                    ),
                    Nil
                  )
                )
              )
            ),
            Nothing
          ),
          Nil
        )
      ),
      Cons(
        Function(
          main,
          Nil,
          Unit,
          Cons(
            StmtCall(
              probar,
              Cons(
                ExprConstNum(
                  0
                ),
                Cons(
                  ExprConstNum(
                    100
                  ),
                  Nil
                )
              )
            ),
            Nil
          )
        ),
        Nil
      )
    )
  )
)
