Cons(
  Function(
    f,
    Cons(
      Parameter(
        x,
        Int
      ),
      Nil
    ),
    Unit,
    Cons(
      StmtCall(
        putChar,
        Cons(
          ExprVar(
            x
          ),
          Nil
        )
      ),
      Cons(
        StmtCall(
          putChar,
          Cons(
            ExprConstNum(
              10
            ),
            Nil
          )
        ),
        Nil
      )
    )
  ),
  Cons(
    Function(
      main,
      Nil,
      Unit,
      Cons(
        StmtCall(
          f,
          Cons(
            ExprConstNum(
              65
            ),
            Nil
          )
        ),
        Cons(
          StmtCall(
            f,
            Cons(
              ExprConstNum(
                66
              ),
              Nil
            )
          ),
          Cons(
            StmtCall(
              f,
              Cons(
                ExprConstNum(
                  67
                ),
                Nil
              )
            ),
            Nil
          )
        )
      )
    ),
    Nil
  )
)
