Cons(
  Function(
    f,
    Cons(
      Parameter(
        a,
        Int
      ),
      Nil
    ),
    Unit,
    Cons(
      StmtAssign(
        a,
        ExprSub(
          ExprVar(
            a
          ),
          ExprConstNum(
            1
          )
        )
      ),
      Cons(
        StmtCall(
          putNum,
          Cons(
            ExprAdd(
              ExprVar(
                a
              ),
              ExprAdd(
                ExprVar(
                  a
                ),
                ExprAdd(
                  ExprVar(
                    a
                  ),
                  ExprSub(
                    ExprVar(
                      a
                    ),
                    ExprAdd(
                      ExprVar(
                        a
                      ),
                      ExprAdd(
                        ExprVar(
                          a
                        ),
                        ExprAdd(
                          ExprVar(
                            a
                          ),
                          ExprSub(
                            ExprVar(
                              a
                            ),
                            ExprAdd(
                              ExprVar(
                                a
                              ),
                              ExprSub(
                                ExprVar(
                                  a
                                ),
                                ExprAdd(
                                  ExprVar(
                                    a
                                  ),
                                  ExprSub(
                                    ExprVar(
                                      a
                                    ),
                                    ExprAdd(
                                      ExprVar(
                                        a
                                      ),
                                      ExprAdd(
                                        ExprVar(
                                          a
                                        ),
                                        ExprAdd(
                                          ExprVar(
                                            a
                                          ),
                                          ExprSub(
                                            ExprVar(
                                              a
                                            ),
                                            ExprAdd(
                                              ExprVar(
                                                a
                                              ),
                                              ExprSub(
                                                ExprVar(
                                                  a
                                                ),
                                                ExprSub(
                                                  ExprVar(
                                                    a
                                                  ),
                                                  ExprAdd(
                                                    ExprVar(
                                                      a
                                                    ),
                                                    ExprAdd(
                                                      ExprVar(
                                                        a
                                                      ),
                                                      ExprSub(
                                                        ExprVar(
                                                          a
                                                        ),
                                                        ExprSub(
                                                          ExprVar(
                                                            a
                                                          ),
                                                          ExprSub(
                                                            ExprVar(
                                                              a
                                                            ),
                                                            ExprAdd(
                                                              ExprVar(
                                                                a
                                                              ),
                                                              ExprSub(
                                                                ExprVar(
                                                                  a
                                                                ),
                                                                ExprAdd(
                                                                  ExprVar(
                                                                    a
                                                                  ),
                                                                  ExprSub(
                                                                    ExprVar(
                                                                      a
                                                                    ),
                                                                    ExprAdd(
                                                                      ExprVar(
                                                                        a
                                                                      ),
                                                                      ExprSub(
                                                                        ExprVar(
                                                                          a
                                                                        ),
                                                                        ExprSub(
                                                                          ExprVar(
                                                                            a
                                                                          ),
                                                                          ExprAdd(
                                                                            ExprVar(
                                                                              a
                                                                            ),
                                                                            ExprSub(
                                                                              ExprVar(
                                                                                a
                                                                              ),
                                                                              ExprAdd(
                                                                                ExprVar(
                                                                                  a
                                                                                ),
                                                                                ExprAdd(
                                                                                  ExprVar(
                                                                                    a
                                                                                  ),
                                                                                  ExprSub(
                                                                                    ExprVar(
                                                                                      a
                                                                                    ),
                                                                                    ExprAdd(
                                                                                      ExprVar(
                                                                                        a
                                                                                      ),
                                                                                      ExprAdd(
                                                                                        ExprVar(
                                                                                          a
                                                                                        ),
                                                                                        ExprSub(
                                                                                          ExprVar(
                                                                                            a
                                                                                          ),
                                                                                          ExprSub(
                                                                                            ExprVar(
                                                                                              a
                                                                                            ),
                                                                                            ExprSub(
                                                                                              ExprVar(
                                                                                                a
                                                                                              ),
                                                                                              ExprVar(
                                                                                                a
                                                                                              )
                                                                                            )
                                                                                          )
                                                                                        )
                                                                                      )
                                                                                    )
                                                                                  )
                                                                                )
                                                                              )
                                                                            )
                                                                          )
                                                                        )
                                                                      )
                                                                    )
                                                                  )
                                                                )
                                                              )
                                                            )
                                                          )
                                                        )
                                                      )
                                                    )
                                                  )
                                                )
                                              )
                                            )
                                          )
                                        )
                                      )
                                    )
                                  )
                                )
                              )
                            )
                          )
                        )
                      )
                    )
                  )
                )
              )
            ),
            Nil
          )
        ),
        Cons(
          StmtCall(
            putChar,
            Cons(
              ExprConstNum(
                10
              ),
              Nil
            )
          ),
          Nil
        )
      )
    )
  ),
  Cons(
    Function(
      main,
      Nil,
      Unit,
      Cons(
        StmtCall(
          f,
          Cons(
            ExprConstNum(
              1
            ),
            Nil
          )
        ),
        Cons(
          StmtCall(
            f,
            Cons(
              ExprConstNum(
                2
              ),
              Nil
            )
          ),
          Cons(
            StmtCall(
              f,
              Cons(
                ExprConstNum(
                  3
                ),
                Nil
              )
            ),
            Cons(
              StmtCall(
                f,
                Cons(
                  ExprConstNum(
                    4
                  ),
                  Nil
                )
              ),
              Cons(
                StmtCall(
                  f,
                  Cons(
                    ExprConstNum(
                      5
                    ),
                    Nil
                  )
                ),
                Cons(
                  StmtCall(
                    f,
                    Cons(
                      ExprConstNum(
                        6
                      ),
                      Nil
                    )
                  ),
                  Cons(
                    StmtCall(
                      f,
                      Cons(
                        ExprConstNum(
                          7
                        ),
                        Nil
                      )
                    ),
                    Cons(
                      StmtCall(
                        f,
                        Cons(
                          ExprConstNum(
                            8
                          ),
                          Nil
                        )
                      ),
                      Cons(
                        StmtCall(
                          f,
                          Cons(
                            ExprConstNum(
                              9
                            ),
                            Nil
                          )
                        ),
                        Cons(
                          StmtCall(
                            f,
                            Cons(
                              ExprConstNum(
                                10
                              ),
                              Nil
                            )
                          ),
                          Nil
                        )
                      )
                    )
                  )
                )
              )
            )
          )
        )
      )
    ),
    Nil
  )
)
