Cons(
  Function(
    main,
    Nil,
    Unit,
    Cons(
      StmtAssign(
        x,
        ExprConstNum(
          104
        )
      ),
      Cons(
        StmtCall(
          putChar,
          Cons(
            ExprVar(
              x
            ),
            Nil
          )
        ),
        Cons(
          StmtAssign(
            x,
            ExprConstNum(
              111
            )
          ),
          Cons(
            StmtCall(
              putChar,
              Cons(
                ExprVar(
                  x
                ),
                Nil
              )
            ),
            Cons(
              StmtAssign(
                x,
                ExprConstNum(
                  108
                )
              ),
              Cons(
                StmtCall(
                  putChar,
                  Cons(
                    ExprVar(
                      x
                    ),
                    Nil
                  )
                ),
                Cons(
                  StmtAssign(
                    x,
                    ExprConstNum(
                      97
                    )
                  ),
                  Cons(
                    StmtCall(
                      putChar,
                      Cons(
                        ExprVar(
                          x
                        ),
                        Nil
                      )
                    ),
                    Cons(
                      StmtAssign(
                        x,
                        ExprConstNum(
                          10
                        )
                      ),
                      Cons(
                        StmtCall(
                          putChar,
                          Cons(
                            ExprVar(
                              x
                            ),
                            Nil
                          )
                        ),
                        Nil
                      )
                    )
                  )
                )
              )
            )
          )
        )
      )
    )
  ),
  Nil
)
