Cons(
  Function(
    f,
    Cons(
      Parameter(
        x,
        Bool
      ),
      Nil
    ),
    Unit,
    Cons(
      StmtIf(
        ExprVar(
          x
        ),
        Cons(
          StmtCall(
            putChar,
            Cons(
              ExprConstNum(
                64
              ),
              Nil
            )
          ),
          Nil
        ),
        Nothing
      ),
      Nil
    )
  ),
  Cons(
    Function(
      main,
      Nil,
      Unit,
      Cons(
        StmtIf(
          ExprConstBool(
            True
          ),
          Cons(
            StmtCall(
              putChar,
              Cons(
                ExprConstNum(
                  65
                ),
                Nil
              )
            ),
            Nil
          ),
          Nothing
        ),
        Cons(
          StmtIf(
            ExprConstBool(
              False
            ),
            Cons(
              StmtCall(
                putChar,
                Cons(
                  ExprConstNum(
                    66
                  ),
                  Nil
                )
              ),
              Nil
            ),
            Nothing
          ),
          Cons(
            StmtAssign(
              b,
              ExprConstBool(
                True
              )
            ),
            Cons(
              StmtIf(
                ExprVar(
                  b
                ),
                Cons(
                  StmtCall(
                    putChar,
                    Cons(
                      ExprConstNum(
                        67
                      ),
                      Nil
                    )
                  ),
                  Nil
                ),
                Nothing
              ),
              Cons(
                StmtAssign(
                  b,
                  ExprConstBool(
                    False
                  )
                ),
                Cons(
                  StmtIf(
                    ExprVar(
                      b
                    ),
                    Cons(
                      StmtCall(
                        putChar,
                        Cons(
                          ExprConstNum(
                            68
                          ),
                          Nil
                        )
                      ),
                      Nil
                    ),
                    Nothing
                  ),
                  Cons(
                    StmtCall(
                      putChar,
                      Cons(
                        ExprConstNum(
                          69
                        ),
                        Nil
                      )
                    ),
                    Cons(
                      StmtCall(
                        f,
                        Cons(
                          ExprConstBool(
                            True
                          ),
                          Nil
                        )
                      ),
                      Cons(
                        StmtCall(
                          putChar,
                          Cons(
                            ExprConstNum(
                              70
                            ),
                            Nil
                          )
                        ),
                        Cons(
                          StmtCall(
                            f,
                            Cons(
                              ExprConstBool(
                                False
                              ),
                              Nil
                            )
                          ),
                          Cons(
                            StmtCall(
                              putChar,
                              Cons(
                                ExprConstNum(
                                  71
                                ),
                                Nil
                              )
                            ),
                            Cons(
                              StmtCall(
                                f,
                                Cons(
                                  ExprVar(
                                    b
                                  ),
                                  Nil
                                )
                              ),
                              Cons(
                                StmtCall(
                                  putChar,
                                  Cons(
                                    ExprConstNum(
                                      72
                                    ),
                                    Nil
                                  )
                                ),
                                Cons(
                                  StmtAssign(
                                    b,
                                    ExprConstBool(
                                      True
                                    )
                                  ),
                                  Cons(
                                    StmtCall(
                                      f,
                                      Cons(
                                        ExprVar(
                                          b
                                        ),
                                        Nil
                                      )
                                    ),
                                    Cons(
                                      StmtCall(
                                        putChar,
                                        Cons(
                                          ExprConstNum(
                                            10
                                          ),
                                          Nil
                                        )
                                      ),
                                      Nil
                                    )
                                  )
                                )
                              )
                            )
                          )
                        )
                      )
                    )
                  )
                )
              )
            )
          )
        )
      )
    ),
    Nil
  )
)
