Cons(
  Function(
    fib,
    Cons(
      Parameter(
        n,
        Int
      ),
      Nil
    ),
    Int,
    Cons(
      StmtAssign(
        a,
        ExprConstNum(
          0
        )
      ),
      Cons(
        StmtAssign(
          b,
          ExprConstNum(
            1
          )
        ),
        Cons(
          StmtAssign(
            i,
            ExprConstNum(
              0
            )
          ),
          Cons(
            StmtWhile(
              ExprLt(
                ExprVar(
                  i
                ),
                ExprVar(
                  n
                )
              ),
              Cons(
                StmtAssign(
                  s,
                  ExprAdd(
                    ExprVar(
                      a
                    ),
                    ExprVar(
                      b
                    )
                  )
                ),
                Cons(
                  StmtAssign(
                    a,
                    ExprVar(
                      b
                    )
                  ),
                  Cons(
                    StmtAssign(
                      b,
                      ExprVar(
                        s
                      )
                    ),
                    Cons(
                      StmtAssign(
                        i,
                        ExprAdd(
                          ExprVar(
                            i
                          ),
                          ExprConstNum(
                            1
                          )
                        )
                      ),
                      Nil
                    )
                  )
                )
              )
            ),
            Cons(
              StmtReturn(
                ExprVar(
                  a
                )
              ),
              Nil
            )
          )
        )
      )
    )
  ),
  Cons(
    Function(
      main,
      Nil,
      Unit,
      Cons(
        StmtAssign(
          i,
          ExprConstNum(
            0
          )
        ),
        Cons(
          StmtWhile(
            ExprLe(
              ExprVar(
                i
              ),
              ExprConstNum(
                20
              )
            ),
            Cons(
              StmtCall(
                putNum,
                Cons(
                  ExprCall(
                    fib,
                    Cons(
                      ExprVar(
                        i
                      ),
                      Nil
                    )
                  ),
                  Nil
                )
              ),
              Cons(
                StmtCall(
                  putChar,
                  Cons(
                    ExprConstNum(
                      10
                    ),
                    Nil
                  )
                ),
                Cons(
                  StmtAssign(
                    i,
                    ExprAdd(
                      ExprVar(
                        i
                      ),
                      ExprConstNum(
                        1
                      )
                    )
                  ),
                  Nil
                )
              )
            )
          ),
          Nil
        )
      )
    ),
    Nil
  )
)
