Cons(
  Function(
    fib,
    Cons(
      Parameter(
        n,
        Int
      ),
      Nil
    ),
    Int,
    Cons(
      StmtIf(
        ExprLe(
          ExprVar(
            n
          ),
          ExprConstNum(
            1
          )
        ),
        Cons(
          StmtAssign(
            res,
            ExprVar(
              n
            )
          ),
          Nil
        ),
        Just(
          Cons(
            StmtAssign(
              res,
              ExprAdd(
                ExprCall(
                  fib,
                  Cons(
                    ExprSub(
                      ExprVar(
                        n
                      ),
                      ExprConstNum(
                        2
                      )
                    ),
                    Nil
                  )
                ),
                ExprCall(
                  fib,
                  Cons(
                    ExprSub(
                      ExprVar(
                        n
                      ),
                      ExprConstNum(
                        1
                      )
                    ),
                    Nil
                  )
                )
              )
            ),
            Nil
          )
        )
      ),
      Cons(
        StmtReturn(
          ExprVar(
            res
          )
        ),
        Nil
      )
    )
  ),
  Cons(
    Function(
      probar,
      Cons(
        Parameter(
          i,
          Int
        ),
        Cons(
          Parameter(
            n,
            Int
          ),
          Nil
        )
      ),
      Unit,
      Cons(
        StmtIf(
          ExprLe(
            ExprVar(
              i
            ),
            ExprVar(
              n
            )
          ),
          Cons(
            StmtCall(
              putNum,
              Cons(
                ExprCall(
                  fib,
                  Cons(
                    ExprVar(
                      i
                    ),
                    Nil
                  )
                ),
                Nil
              )
            ),
            Cons(
              StmtCall(
                putChar,
                Cons(
                  ExprConstNum(
                    10
                  ),
                  Nil
                )
              ),
              Cons(
                StmtCall(
                  probar,
                  Cons(
                    ExprAdd(
                      ExprVar(
                        i
                      ),
                      ExprConstNum(
                        1
                      )
                    ),
                    Cons(
                      ExprVar(
                        n
                      ),
                      Nil
                    )
                  )
                ),
                Nil
              )
            )
          ),
          Nothing
        ),
        Nil
      )
    ),
    Cons(
      Function(
        main,
        Nil,
        Unit,
        Cons(
          StmtCall(
            probar,
            Cons(
              ExprConstNum(
                0
              ),
              Cons(
                ExprConstNum(
                  20
                ),
                Nil
              )
            )
          ),
          Nil
        )
      ),
      Nil
    )
  )
)
