Cons(
  Function(
    main,
    Nil,
    Unit,
    Cons(
      StmtIf(
        ExprEq(
          ExprConstNum(
            1
          ),
          ExprConstNum(
            1
          )
        ),
        Cons(
          StmtCall(
            putChar,
            Cons(
              ExprConstNum(
                65
              ),
              Nil
            )
          ),
          Nil
        ),
        Nothing
      ),
      Cons(
        StmtIf(
          ExprEq(
            ExprConstNum(
              1
            ),
            ExprConstNum(
              2
            )
          ),
          Cons(
            StmtCall(
              putChar,
              Cons(
                ExprConstNum(
                  66
                ),
                Nil
              )
            ),
            Nil
          ),
          Nothing
        ),
        Cons(
          StmtIf(
            ExprEq(
              ExprConstNum(
                2
              ),
              ExprConstNum(
                2
              )
            ),
            Cons(
              StmtCall(
                putChar,
                Cons(
                  ExprConstNum(
                    67
                  ),
                  Nil
                )
              ),
              Nil
            ),
            Nothing
          ),
          Cons(
            StmtIf(
              ExprEq(
                ExprConstNum(
                  3
                ),
                ExprConstNum(
                  2
                )
              ),
              Cons(
                StmtCall(
                  putChar,
                  Cons(
                    ExprConstNum(
                      68
                    ),
                    Nil
                  )
                ),
                Nil
              ),
              Nothing
            ),
            Cons(
              StmtIf(
                ExprEq(
                  ExprConstNum(
                    3
                  ),
                  ExprConstNum(
                    3
                  )
                ),
                Cons(
                  StmtCall(
                    putChar,
                    Cons(
                      ExprConstNum(
                        69
                      ),
                      Nil
                    )
                  ),
                  Nil
                ),
                Nothing
              ),
              Cons(
                StmtAssign(
                  x,
                  ExprConstNum(
                    1
                  )
                ),
                Cons(
                  StmtIf(
                    ExprEq(
                      ExprVar(
                        x
                      ),
                      ExprConstNum(
                        1
                      )
                    ),
                    Cons(
                      StmtCall(
                        putChar,
                        Cons(
                          ExprConstNum(
                            70
                          ),
                          Nil
                        )
                      ),
                      Nil
                    ),
                    Nothing
                  ),
                  Cons(
                    StmtIf(
                      ExprEq(
                        ExprVar(
                          x
                        ),
                        ExprConstNum(
                          2
                        )
                      ),
                      Cons(
                        StmtCall(
                          putChar,
                          Cons(
                            ExprConstNum(
                              71
                            ),
                            Nil
                          )
                        ),
                        Nil
                      ),
                      Nothing
                    ),
                    Cons(
                      StmtIf(
                        ExprEq(
                          ExprConstNum(
                            1
                          ),
                          ExprVar(
                            x
                          )
                        ),
                        Cons(
                          StmtCall(
                            putChar,
                            Cons(
                              ExprConstNum(
                                72
                              ),
                              Nil
                            )
                          ),
                          Nil
                        ),
                        Nothing
                      ),
                      Cons(
                        StmtIf(
                          ExprEq(
                            ExprConstNum(
                              2
                            ),
                            ExprVar(
                              x
                            )
                          ),
                          Cons(
                            StmtCall(
                              putChar,
                              Cons(
                                ExprConstNum(
                                  73
                                ),
                                Nil
                              )
                            ),
                            Nil
                          ),
                          Nothing
                        ),
                        Cons(
                          StmtIf(
                            ExprEq(
                              ExprVar(
                                x
                              ),
                              ExprVar(
                                x
                              )
                            ),
                            Cons(
                              StmtCall(
                                putChar,
                                Cons(
                                  ExprConstNum(
                                    74
                                  ),
                                  Nil
                                )
                              ),
                              Nil
                            ),
                            Nothing
                          ),
                          Cons(
                            StmtAssign(
                              x,
                              ExprConstNum(
                                2
                              )
                            ),
                            Cons(
                              StmtIf(
                                ExprEq(
                                  ExprVar(
                                    x
                                  ),
                                  ExprConstNum(
                                    1
                                  )
                                ),
                                Cons(
                                  StmtCall(
                                    putChar,
                                    Cons(
                                      ExprConstNum(
                                        75
                                      ),
                                      Nil
                                    )
                                  ),
                                  Nil
                                ),
                                Nothing
                              ),
                              Cons(
                                StmtIf(
                                  ExprEq(
                                    ExprVar(
                                      x
                                    ),
                                    ExprConstNum(
                                      2
                                    )
                                  ),
                                  Cons(
                                    StmtCall(
                                      putChar,
                                      Cons(
                                        ExprConstNum(
                                          76
                                        ),
                                        Nil
                                      )
                                    ),
                                    Nil
                                  ),
                                  Nothing
                                ),
                                Cons(
                                  StmtIf(
                                    ExprEq(
                                      ExprConstNum(
                                        1
                                      ),
                                      ExprVar(
                                        x
                                      )
                                    ),
                                    Cons(
                                      StmtCall(
                                        putChar,
                                        Cons(
                                          ExprConstNum(
                                            77
                                          ),
                                          Nil
                                        )
                                      ),
                                      Nil
                                    ),
                                    Nothing
                                  ),
                                  Cons(
                                    StmtIf(
                                      ExprEq(
                                        ExprConstNum(
                                          2
                                        ),
                                        ExprVar(
                                          x
                                        )
                                      ),
                                      Cons(
                                        StmtCall(
                                          putChar,
                                          Cons(
                                            ExprConstNum(
                                              78
                                            ),
                                            Nil
                                          )
                                        ),
                                        Nil
                                      ),
                                      Nothing
                                    ),
                                    Cons(
                                      StmtIf(
                                        ExprEq(
                                          ExprVar(
                                            x
                                          ),
                                          ExprVar(
                                            x
                                          )
                                        ),
                                        Cons(
                                          StmtCall(
                                            putChar,
                                            Cons(
                                              ExprConstNum(
                                                79
                                              ),
                                              Nil
                                            )
                                          ),
                                          Nil
                                        ),
                                        Nothing
                                      ),
                                      Cons(
                                        StmtCall(
                                          putChar,
                                          Cons(
                                            ExprConstNum(
                                              10
                                            ),
                                            Nil
                                          )
                                        ),
                                        Nil
                                      )
                                    )
                                  )
                                )
                              )
                            )
                          )
                        )
                      )
                    )
                  )
                )
              )
            )
          )
        )
      )
    )
  ),
  Nil
)
